// Jest Snapshot v1, https://goo.gl/fbAQLP

exports[`deSerializedPublicKeyCredentialCreationOptions 1`] = `
Object {
  "attestation": "none",
  "authenticatorSelection": Object {
    "requireResidentKey": false,
    "userVerification": "preferred",
  },
  "challenge": Uint8Array [
    219,
    126,
    224,
    149,
    86,
    23,
    93,
    10,
    5,
    52,
    144,
    133,
    255,
    183,
    224,
    8,
    92,
    10,
    157,
    228,
    205,
    229,
    11,
    22,
    89,
    31,
    97,
    93,
    62,
    53,
    173,
    54,
  ],
  "excludeCredentials": Array [
    Object {
      "id": Uint8Array [
        65,
        66,
        67,
        68,
        69,
        70,
        71,
        72,
      ],
      "type": "public-key",
    },
  ],
  "extensions": Object {
    "loc": true,
  },
  "pubKeyCredParams": Array [
    Object {
      "alg": -7,
      "type": "public-key",
    },
  ],
  "rp": Object {
    "id": "foo.example.com",
    "name": "My Super Secured Application",
  },
  "timeout": 20000,
  "user": Object {
    "displayName": "Mighty Mike",
    "id": Uint8Array [
      49,
      50,
      51,
      101,
      52,
      53,
      54,
      55,
      45,
      101,
      56,
      57,
      98,
      45,
      49,
      50,
      100,
      51,
      45,
      97,
      52,
      53,
      54,
      45,
      52,
      50,
      54,
      54,
      53,
      53,
      52,
      52,
      48,
      48,
      48,
      48,
    ],
    "name": "@cypher-Angel-3000",
  },
}
`;
